[netbaseteam.com/wordpress/html/elegan/index.html]
[backblue.gif]
[fade.gif]
[index.html]
[netbaseteam.com/wordpress/html/elegan/favicon.ico]
[netbaseteam.com/wordpress/html/elegan/assets/img/main-logo.png]
[netbaseteam.com/wordpress/html/elegan/category-grid.html]
[netbaseteam.com/wordpress/html/elegan/assets/img/menu-adv1.jpg]
[netbaseteam.com/wordpress/html/elegan/product-details.html]
[netbaseteam.com/wordpress/html/elegan/assets/img/products/cross-3.jpg]
[netbaseteam.com/wordpress/html/elegan/assets/img/menu-adv2.jpg]
[netbaseteam.com/wordpress/html/elegan/assets/img/mega-menu-1.jpg]
[netbaseteam.com/wordpress/html/elegan/category-list.html]
[netbaseteam.com/wordpress/html/elegan/cart.html]
[netbaseteam.com/wordpress/html/elegan/checkout.html]
[netbaseteam.com/wordpress/html/elegan/contact.html]
[netbaseteam.com/wordpress/html/elegan/wishlist.html]
[netbaseteam.com/wordpress/html/elegan/account.html]
[netbaseteam.com/wordpress/html/elegan/login.html]
[netbaseteam.com/wordpress/html/elegan/register.html]
[netbaseteam.com/wordpress/html/elegan/faq.html]
[netbaseteam.com/wordpress/html/elegan/404.html]
[netbaseteam.com/wordpress/html/elegan/blog-category.html]
[netbaseteam.com/wordpress/html/elegan/blog-leftsidebar.html]
[netbaseteam.com/wordpress/html/elegan/blog-details.html]
[netbaseteam.com/wordpress/html/elegan/assets/img/slider/slide-1.jpg]
[netbaseteam.com/wordpress/html/elegan/assets/img/slider/slide-1-lay1.png]
[netbaseteam.com/wordpress/html/elegan/assets/img/slider/slide-2.jpg]
[netbaseteam.com/wordpress/html/elegan/assets/img/slider/slide-3.jpg]
[netbaseteam.com/wordpress/html/elegan/assets/img/slider/slide-1-lay2.png]
[netbaseteam.com/wordpress/html/elegan/assets/img/products/home/product-1.jpg]
[netbaseteam.com/wordpress/html/elegan/assets/img/products/home/product-2.jpg]
[netbaseteam.com/wordpress/html/elegan/assets/img/products/home/product-3.jpg]
[netbaseteam.com/wordpress/html/elegan/assets/img/products/home/product-4.jpg]
[netbaseteam.com/wordpress/html/elegan/assets/img/products/home/product-6.jpg]
[netbaseteam.com/wordpress/html/elegan/assets/img/products/home/product-7.jpg]
[netbaseteam.com/wordpress/html/elegan/assets/img/products/home/product-8.jpg]
[netbaseteam.com/wordpress/html/elegan/assets/img/since.png]
[netbaseteam.com/wordpress/html/elegan/assets/img/products/featured.jpg]
[netbaseteam.com/wordpress/html/elegan/assets/img/category/category-1.jpg]
[netbaseteam.com/wordpress/html/elegan/assets/img/category/category-2.jpg]
[netbaseteam.com/wordpress/html/elegan/assets/img/category/category-3.jpg]
[netbaseteam.com/wordpress/html/elegan/assets/img/category/category-4.jpg]
[netbaseteam.com/wordpress/html/elegan/assets/img/category/category-5.jpg]
[netbaseteam.com/wordpress/html/elegan/assets/img/category/category-6.jpg]
[netbaseteam.com/wordpress/html/elegan/assets/img/blog-1.jpg]
[netbaseteam.com/wordpress/html/elegan/assets/img/blog-2.jpg]
[netbaseteam.com/wordpress/html/elegan/assets/img/icon-parallax.png]
[netbaseteam.com/wordpress/html/elegan/assets/img/member-1.png]
[netbaseteam.com/wordpress/html/elegan/assets/img/member-2.png]
[netbaseteam.com/wordpress/html/elegan/assets/img/member-3.png]
[netbaseteam.com/wordpress/html/elegan/assets/img/member-4.png]
[netbaseteam.com/wordpress/html/elegan/assets/img/diamond.png]
[netbaseteam.com/wordpress/html/elegan/assets/img/collection/collection-1.png]
[netbaseteam.com/wordpress/html/elegan/assets/img/collection/collection-2-1.jpg]
[netbaseteam.com/wordpress/html/elegan/assets/img/collection/collection-3-1.jpg]
[netbaseteam.com/wordpress/html/elegan/assets/img/collection/collection-5-1.jpg]
[netbaseteam.com/wordpress/html/elegan/assets/img/collection/collection-6-1.jpg]
[netbaseteam.com/wordpress/html/elegan/assets/img/location.jpg]
[netbaseteam.com/wordpress/html/elegan/assets/img/footer-post-1.jpg]
[netbaseteam.com/wordpress/html/elegan/assets/img/footer-post-2.jpg]
[netbaseteam.com/wordpress/html/elegan/assets/img/footer-post-3.jpg]
[netbaseteam.com/wordpress/html/elegan/assets/img/flickr/flickr-1.jpg]
[netbaseteam.com/wordpress/html/elegan/assets/img/flickr/flickr-2.jpg]
[netbaseteam.com/wordpress/html/elegan/assets/img/flickr/flickr-3.jpg]
[netbaseteam.com/wordpress/html/elegan/assets/img/flickr/flickr-4.jpg]
[netbaseteam.com/wordpress/html/elegan/assets/img/flickr/flickr-5.jpg]
[netbaseteam.com/wordpress/html/elegan/assets/img/flickr/flickr-7.jpg]
[netbaseteam.com/wordpress/html/elegan/assets/img/flickr/flickr-8.jpg]
[netbaseteam.com/wordpress/html/elegan/assets/img/footer-payment.png]
[netbaseteam.com/wordpress/html/elegan/assets/js/jquery.min.js]
[netbaseteam.com/wordpress/html/elegan/assets/js/jquery-ui.min.js]
[netbaseteam.com/wordpress/html/elegan/assets/js/modernizr.js]
[netbaseteam.com/wordpress/html/elegan/assets/js/bootstrap.min.js]
[netbaseteam.com/wordpress/html/elegan/assets/js/owl.carousel.min.js]
[netbaseteam.com/wordpress/html/elegan/assets/js/select2.min.js]
[netbaseteam.com/wordpress/html/elegan/assets/js/stacktable.min.js]
[netbaseteam.com/wordpress/html/elegan/assets/js/jquery.themepunch.revolution.min.js]
[netbaseteam.com/wordpress/html/elegan/assets/js/jquery.themepunch.plugins.min.js]
[netbaseteam.com/wordpress/html/elegan/assets/js/jquery.fancybox.pack8cbb.js]
[netbaseteam.com/wordpress/html/elegan/assets/js/scripts.min.js]
[netbaseteam.com/wordpress/html/elegan/index.html]
[netbaseteam.com/wordpress/html/elegan/assets/fonts/fontelloaa91.eot]
[netbaseteam.com/wordpress/html/elegan/assets/fonts/fontelloaa91.woff2]
[netbaseteam.com/wordpress/html/elegan/assets/fonts/fontelloaa91.woff]
[netbaseteam.com/wordpress/html/elegan/assets/fonts/fontelloaa91.ttf]
[netbaseteam.com/wordpress/html/elegan/assets/css/fontello.css]
[netbaseteam.com/wordpress/html/elegan/assets/images/gradient/g30.png]
[netbaseteam.com/wordpress/html/elegan/assets/images/gradient/g40.png]
[netbaseteam.com/wordpress/html/elegan/assets/assets/shadow1.png]
[netbaseteam.com/wordpress/html/elegan/assets/assets/shadow2.png]
[netbaseteam.com/wordpress/html/elegan/assets/assets/shadow3.png]
[netbaseteam.com/wordpress/html/elegan/assets/assets/gridtile.png]
[netbaseteam.com/wordpress/html/elegan/assets/assets/gridtile_white.png]
[netbaseteam.com/wordpress/html/elegan/assets/assets/gridtile_3x3.png]
[netbaseteam.com/wordpress/html/elegan/assets/assets/gridtile_3x3_white.png]
[netbaseteam.com/wordpress/html/elegan/assets/assets/boxed_bgtile.png]
[netbaseteam.com/wordpress/html/elegan/assets/assets/navigdots_bgtile.png]
[netbaseteam.com/wordpress/html/elegan/assets/assets/bullets.png]
[netbaseteam.com/wordpress/html/elegan/assets/assets/bullets2.png]
[netbaseteam.com/wordpress/html/elegan/assets/assets/bullet_boxed.png]
[netbaseteam.com/wordpress/html/elegan/assets/assets/navigdots.png]
[netbaseteam.com/wordpress/html/elegan/assets/assets/large_left.png]
[netbaseteam.com/wordpress/html/elegan/assets/assets/large_right.png]
[netbaseteam.com/wordpress/html/elegan/assets/assets/small_left.png]
[netbaseteam.com/wordpress/html/elegan/assets/assets/small_right.png]
[netbaseteam.com/wordpress/html/elegan/assets/assets/arrow_left.png]
[netbaseteam.com/wordpress/html/elegan/assets/assets/arrow_right.png]
[netbaseteam.com/wordpress/html/elegan/assets/assets/small_left_boxed.png]
[netbaseteam.com/wordpress/html/elegan/assets/assets/small_right_boxed.png]
[netbaseteam.com/wordpress/html/elegan/assets/assets/arrowleft.png]
[netbaseteam.com/wordpress/html/elegan/assets/assets/arrowright.png]
[netbaseteam.com/wordpress/html/elegan/assets/assets/arrow_left2.png]
[netbaseteam.com/wordpress/html/elegan/assets/assets/arrow_right2.png]
[netbaseteam.com/wordpress/html/elegan/assets/assets/loader.gif]
[netbaseteam.com/wordpress/html/elegan/assets/font/revicons90c6.eot]
[netbaseteam.com/wordpress/html/elegan/assets/font/revicons90c6.woff]
[netbaseteam.com/wordpress/html/elegan/assets/font/revicons90c6.ttf]
[netbaseteam.com/wordpress/html/elegan/assets/font/revicons90c6.svg]
[netbaseteam.com/wordpress/html/elegan/assets/css/settings.css]
[netbaseteam.com/wordpress/html/elegan/assets/css/fancybox_sprite.png]
[netbaseteam.com/wordpress/html/elegan/assets/css/fancybox_loading.gif]
[netbaseteam.com/wordpress/html/elegan/assets/css/blank.gif]
[netbaseteam.com/wordpress/html/elegan/assets/css/fancybox_overlay.png]
[netbaseteam.com/wordpress/html/elegan/assets/css/fancybox_sprite@2x.png]
[netbaseteam.com/wordpress/html/elegan/assets/css/fancybox_loading@2x.gif]
[netbaseteam.com/wordpress/html/elegan/assets/css/jquery.fancybox.css]
[netbaseteam.com/wordpress/html/elegan/assets/fonts/bootstrap/glyphicons-halflings-regular.eot]
[netbaseteam.com/wordpress/html/elegan/assets/fonts/bootstrap/glyphicons-halflings-regulard41d.eot]
[netbaseteam.com/wordpress/html/elegan/assets/fonts/bootstrap/glyphicons-halflings-regular.woff2]
[netbaseteam.com/wordpress/html/elegan/assets/fonts/bootstrap/glyphicons-halflings-regular.woff]
[netbaseteam.com/wordpress/html/elegan/assets/fonts/bootstrap/glyphicons-halflings-regular.ttf]
[netbaseteam.com/wordpress/html/elegan/assets/fonts/bootstrap/glyphicons-halflings-regular.svg]
[netbaseteam.com/wordpress/html/elegan/assets/fonts/OpenSans-Regular.eot]
[netbaseteam.com/wordpress/html/elegan/assets/fonts/OpenSans-Regular.woff]
[netbaseteam.com/wordpress/html/elegan/assets/fonts/OpenSans-Regulard41d.eot]
[netbaseteam.com/wordpress/html/elegan/assets/fonts/OpenSans-Regular.ttf]
[netbaseteam.com/wordpress/html/elegan/assets/fonts/BrushScriptStd.eot]
[netbaseteam.com/wordpress/html/elegan/assets/fonts/BrushScriptStd.woff]
[netbaseteam.com/wordpress/html/elegan/assets/fonts/BrushScriptStdd41d.eot]
[netbaseteam.com/wordpress/html/elegan/assets/fonts/BrushScriptStd.ttf]
[netbaseteam.com/wordpress/html/elegan/assets/img/cart-top-banner.jpg]
[netbaseteam.com/wordpress/html/elegan/assets/img/parallax.jpg]
[netbaseteam.com/wordpress/html/elegan/assets/css/style.css]
[netbaseteam.com/wordpress/html/elegan/assets/img/cate-top-banner.jpg]
[netbaseteam.com/wordpress/html/elegan/assets/img/products/home/product-5.jpg]
[netbaseteam.com/wordpress/html/elegan/assets/img/products/home/product-9.jpg]
[netbaseteam.com/wordpress/html/elegan/assets/img/cate-bot-banner.jpg]
[netbaseteam.com/wordpress/html/elegan/category-grid.html]
[netbaseteam.com/wordpress/html/elegan/assets/img/products/large-product.jpg]
[netbaseteam.com/wordpress/html/elegan/assets/img/flickr/flickr-6.94.delayed]
[netbaseteam.com/wordpress/html/elegan/assets/img/product-sidebar-logo.png]
[netbaseteam.com/wordpress/html/elegan/assets/img/products/sidebar-1.jpg]
[netbaseteam.com/wordpress/html/elegan/assets/img/products/sidebar-2.jpg]
[netbaseteam.com/wordpress/html/elegan/assets/img/products/sidebar-3.jpg]
[netbaseteam.com/wordpress/html/elegan/assets/img/products/sidebar-4.jpg]
[netbaseteam.com/wordpress/html/elegan/assets/img/products/sidebar-5.jpg]
[netbaseteam.com/wordpress/html/elegan/assets/img/products/cross-1.jpg]
[netbaseteam.com/wordpress/html/elegan/assets/img/products/cross-2.jpg]
[netbaseteam.com/wordpress/html/elegan/assets/img/products/cross-4.jpg]
[netbaseteam.com/wordpress/html/elegan/product-details.html]
[netbaseteam.com/wordpress/html/elegan/assets/img/products/cate-1.jpg]
[netbaseteam.com/wordpress/html/elegan/assets/img/products/cate-2.jpg]
[netbaseteam.com/wordpress/html/elegan/assets/img/products/cate-3.jpg]
[netbaseteam.com/wordpress/html/elegan/assets/img/products/cate-4.jpg]
[netbaseteam.com/wordpress/html/elegan/assets/img/products/cate-5.jpg]
[netbaseteam.com/wordpress/html/elegan/assets/img/products/cate-6.jpg]
[netbaseteam.com/wordpress/html/elegan/assets/img/products/cate-7.jpg]
[netbaseteam.com/wordpress/html/elegan/assets/img/products/cate-8.jpg]
[netbaseteam.com/wordpress/html/elegan/assets/img/products/cate-9.jpg]
[netbaseteam.com/wordpress/html/elegan/category-list.html]
[netbaseteam.com/wordpress/html/elegan/assets/img/cart-sidebar.jpg]
[netbaseteam.com/wordpress/html/elegan/cart.html]
[netbaseteam.com/wordpress/html/elegan/checkout.html]
[netbaseteam.com/wordpress/html/elegan/contact.html]
[netbaseteam.com/wordpress/html/elegan/assets/img/wl-1.jpg]
[netbaseteam.com/wordpress/html/elegan/assets/img/wl-2.jpg]
[netbaseteam.com/wordpress/html/elegan/assets/img/wl-3.jpg]
[netbaseteam.com/wordpress/html/elegan/wishlist.html]
[netbaseteam.com/wordpress/html/elegan/assets/img/user.jpg]
[netbaseteam.com/wordpress/html/elegan/account.html]
[netbaseteam.com/wordpress/html/elegan/login.html]
[netbaseteam.com/wordpress/html/elegan/register.html]
[netbaseteam.com/wordpress/html/elegan/assets/img/blog-cat-banner.jpg]
[netbaseteam.com/wordpress/html/elegan/faq.html]
[netbaseteam.com/wordpress/html/elegan/assets/img/404.png]
[netbaseteam.com/wordpress/html/elegan/404.html]
[netbaseteam.com/wordpress/html/elegan/assets/img/blog/cat-1.jpg]
[netbaseteam.com/wordpress/html/elegan/assets/img/blog/cat-2.jpg]
[netbaseteam.com/wordpress/html/elegan/assets/img/blog/cat-3.jpg]
[netbaseteam.com/wordpress/html/elegan/assets/img/blog/cat-4.jpg]
[netbaseteam.com/wordpress/html/elegan/assets/img/blog/cat-5.jpg]
[netbaseteam.com/wordpress/html/elegan/assets/img/blog/recent-1.jpg]
[netbaseteam.com/wordpress/html/elegan/assets/img/blog/recent-2.jpg]
[netbaseteam.com/wordpress/html/elegan/assets/img/blog/recent-3.jpg]
[netbaseteam.com/wordpress/html/elegan/blog-category.html]
[netbaseteam.com/wordpress/html/elegan/blog-leftsidebar.html]
[netbaseteam.com/wordpress/html/elegan/assets/img/comment-1.jpg]
[netbaseteam.com/wordpress/html/elegan/assets/img/comment-2.jpg]
[netbaseteam.com/wordpress/html/elegan/blog-details.html]
[netbaseteam.com/wordpress/html/elegan/assets/fonts/fontelloaa91.svg]
[netbaseteam.com/wordpress/html/elegan/assets/images/gradient/g30.html]
[netbaseteam.com/wordpress/html/elegan/assets/images/gradient/g40.html]
[netbaseteam.com/wordpress/html/elegan/assets/assets/shadow1.html]
[netbaseteam.com/wordpress/html/elegan/assets/assets/shadow2.html]
[netbaseteam.com/wordpress/html/elegan/assets/assets/shadow3.html]
[netbaseteam.com/wordpress/html/elegan/assets/assets/gridtile.html]
[netbaseteam.com/wordpress/html/elegan/assets/assets/gridtile_white.html]
[netbaseteam.com/wordpress/html/elegan/assets/assets/gridtile_3x3.html]
[netbaseteam.com/wordpress/html/elegan/assets/assets/gridtile_3x3_white.html]
[netbaseteam.com/wordpress/html/elegan/assets/assets/boxed_bgtile.html]
[netbaseteam.com/wordpress/html/elegan/assets/assets/navigdots_bgtile.html]
[netbaseteam.com/wordpress/html/elegan/assets/assets/bullets.html]
[netbaseteam.com/wordpress/html/elegan/assets/assets/bullets2.html]
[netbaseteam.com/wordpress/html/elegan/assets/assets/bullet_boxed.html]
[netbaseteam.com/wordpress/html/elegan/assets/assets/navigdots.html]
[netbaseteam.com/wordpress/html/elegan/assets/assets/small_left.html]
[netbaseteam.com/wordpress/html/elegan/assets/assets/small_right.html]
[netbaseteam.com/wordpress/html/elegan/assets/assets/arrow_left.html]
[netbaseteam.com/wordpress/html/elegan/assets/assets/arrow_right.html]
[netbaseteam.com/wordpress/html/elegan/assets/assets/small_left_boxed.html]
[netbaseteam.com/wordpress/html/elegan/assets/assets/small_right_boxed.html]
[netbaseteam.com/wordpress/html/elegan/assets/assets/arrowleft.html]
[netbaseteam.com/wordpress/html/elegan/assets/assets/arrowright.html]
[netbaseteam.com/wordpress/html/elegan/assets/assets/arrow_left2.html]
[netbaseteam.com/wordpress/html/elegan/assets/assets/arrow_right2.html]
[netbaseteam.com/wordpress/html/elegan/assets/assets/loader.html]
[netbaseteam.com/wordpress/html/elegan/assets/font/revicons90c6.html]
[netbaseteam.com/wordpress/html/elegan/assets/font/revicons90c6-2.html]
[netbaseteam.com/wordpress/html/elegan/assets/font/revicons90c6-3.html]
[netbaseteam.com/wordpress/html/elegan/assets/font/revicons90c6-4.html]
[netbaseteam.com/wordpress/html/elegan/assets/fonts/bootstrap/glyphicons-halflings-regular.html]
[netbaseteam.com/wordpress/html/elegan/assets/fonts/bootstrap/glyphicons-halflings-regulard41d.html]
[netbaseteam.com/wordpress/html/elegan/assets/fonts/bootstrap/glyphicons-halflings-regular-2.html]
[netbaseteam.com/wordpress/html/elegan/assets/fonts/bootstrap/glyphicons-halflings-regular-3.html]
[netbaseteam.com/wordpress/html/elegan/assets/fonts/bootstrap/glyphicons-halflings-regular-4.html]
[netbaseteam.com/wordpress/html/elegan/assets/fonts/bootstrap/glyphicons-halflings-regular-5.html]
[netbaseteam.com/wordpress/html/elegan/assets/fonts/OpenSans-Regular.svg]
[netbaseteam.com/wordpress/html/elegan/assets/fonts/BrushScriptStd.svg]
[netbaseteam.com/wordpress/html/elegan/assets/css/style.min.css]
[netbaseteam.com/wordpress/html/elegan/assets/css/owl.video.play.ba.delayed]
[netbaseteam.com/wordpress/html/elegan/assets/css/owl.carousel.min.css]
[netbaseteam.com/wordpress/html/elegan/assets/img/flickr/flickr-6.html]
[netbaseteam.com/wordpress/html/elegan/assets/css/stacktable.css]
[netbaseteam.com/wordpress/html/elegan/assets/css/select2.min.css]
[netbaseteam.com/wordpress/html/elegan/assets/css/owl.video.play.html]
